// Jest Snapshot v1, https://goo.gl/fbAQLP

exports[`Sort has a valid snapshot 1`] = `
<button
  className="button-inline button-active"
  onClick={[Function]}
  type="button"
>
  Title
  <i
    className="fas fa-angle-up"
    style={
      Object {
        "paddingLeft": "5px",
      }
    }
  />
</button>
`;
